// Jest Snapshot v1, https://goo.gl/fbAQLP

exports[`ButtonUpload does render 1`] = `
<ButtonUpload
  requestFileUpload={[Function]}
  requestImages={[Function]}
  store={
    Object {
      "clearActions": [Function],
      "dispatch": [Function],
      "getActions": [Function],
      "getState": [Function],
      "replaceReducer": [Function],
      "subscribe": [Function],
    }
  }
/>
`;
